// Jest Snapshot v1, https://goo.gl/fbAQLP

exports[`game close diverter on orbit 1`] = `
Object {
  "outputs": Object {
    "centerBank": false,
    "getSkillshot": [Function],
    "iCenter1": "AD",
    "iCenter2": "KC",
    "iCenter3": "KS",
    "iLeft1": "8C",
    "iLeft2": "10S",
    "iLeft3": "JH",
    "iLeft4": "8S",
    "iMini1": "AH",
    "iMini2": "9S",
    "iMini3": "AC",
    "iRight1": "9C",
    "iRight2": "AS",
    "iRight3": "KH",
    "iRight4": "3D",
    "iRight5": "KD",
    "iSS1": "",
    "iSS2": "",
    "iSS3": "",
    "iSS4": "",
    "iSS5": "",
    "iSS6": "",
    "iSpinner": "",
    "iUpper21": "10H",
    "iUpper22": "QD",
    "iUpper31": "8D",
    "iUpper32": "10D",
    "iUpper33": "QS",
    "ignoreSkillsot": Set {},
    "kickerEnable": true,
    "lEjectArrow": Array [],
    "lEjectShowCards": Array [],
    "lEjectStartMode": Array [],
    "lLaneUpper1": Array [
      "Orange",
    ],
    "lLaneUpper2": Array [
      "Orange",
    ],
    "lLaneUpper3": Array [
      "Orange",
    ],
    "lLaneUpper4": Array [
      "Orange",
    ],
    "lLeftArrow": Array [],
    "lLowerRamp": Array [],
    "lMagnet1": Array [
      "Green",
    ],
    "lMagnet2": Array [
      "Green",
    ],
    "lMagnet3": Array [],
    "lMagnet4": Array [],
    "lMainTargetArrow": Array [],
    "lMiniReady": Array [
      "Red",
    ],
    "lPopperStatus": Array [
      "Green",
    ],
    "lPower1": Array [
      "Orange",
    ],
    "lPower2": Array [
      "Orange",
    ],
    "lPower3": Array [],
    "lPower4": Array [],
    "lRampArrow": Array [],
    "lRampMini": Array [
      "Orange",
    ],
    "lRampShowCards": Array [],
    "lRampStartMb": Array [],
    "lShooterLaneArrow": Array [],
    "lShooterShowCards": Array [],
    "lShooterStartHand": Array [],
    "lSideShotArrow": Array [],
    "lSideTargetArrow": Array [],
    "lSpinnerArrow": Array [],
    "lUpperLaneArrow": Array [],
    "lUpperTargetArrow": Array [],
    "leftBank": false,
    "leftGate": false,
    "leftMagnet": false,
    "lockPost": false,
    "magnetPost": false,
    "miniBank": false,
    "miniDiverter": false,
    "miniEject": false,
    "miniFlipperEnable": false,
    "outhole": false,
    "popper": false,
    "rampUp": false,
    "realRightBank": false,
    "right1": false,
    "right2": false,
    "right3": false,
    "right4": false,
    "right5": false,
    "rightBank": false,
    "rightGate": true,
    "shooterDiverter": true,
    "spinnerValue": undefined,
    "troughRelease": false,
    "upper2": false,
    "upper3": false,
    "upperEject": false,
    "upperMagnet": false,
  },
  "state": Object {
    "_name": "Machine10",
    "children": Array [
      Object {
        "_name": "DropBank11",
        "children": Array [],
        "name": "DropBank11",
        "ownOuts": undefined,
        "state": Object {},
      },
      Object {
        "_name": "DropBank12",
        "children": Array [],
        "name": "DropBank12",
        "ownOuts": undefined,
        "state": Object {},
      },
      Object {
        "_name": "DropBank13",
        "children": Array [],
        "name": "DropBank13",
        "ownOuts": undefined,
        "state": Object {},
      },
      Object {
        "_name": "DropBank14",
        "children": Array [],
        "name": "DropBank14",
        "ownOuts": undefined,
        "state": Object {},
      },
      Object {
        "_name": "DropBank15",
        "children": Array [],
        "name": "DropBank15",
        "ownOuts": undefined,
        "state": Object {},
      },
      Object {
        "_name": "DropBank16",
        "children": Array [],
        "name": "DropBank16",
        "ownOuts": undefined,
        "state": Object {},
      },
      Object {
        "_name": "Game20",
        "children": Array [
          Object {
            "_name": "Player21",
            "children": Array [
              Object {
                "_name": "ClearHoles22",
                "children": Array [],
                "name": "ClearHoles22",
                "ownOuts": Object {
                  "miniEject": false,
                  "outhole": false,
                  "upperEject": false,
                },
                "state": Object {},
              },
              Object {
                "_name": "Ball26",
                "children": Array [
                  Object {
                    "_name": "ResetAnyDropOnComplete27",
                    "children": Array [
                      Object {
                        "_name": "DropBankResetter28",
                        "children": Array [],
                        "name": "DropBankResetter28",
                        "ownOuts": Object {
                          "upper3": false,
                        },
                        "state": Object {},
                      },
                      Object {
                        "_name": "DropBankResetter29",
                        "children": Array [],
                        "name": "DropBankResetter29",
                        "ownOuts": Object {
                          "upper2": false,
                        },
                        "state": Object {},
                      },
                      Object {
                        "_name": "DropBankResetter30",
                        "children": Array [],
                        "name": "DropBankResetter30",
                        "ownOuts": Object {
                          "centerBank": false,
                        },
                        "state": Object {},
                      },
                      Object {
                        "_name": "DropBankResetter31",
                        "children": Array [],
                        "name": "DropBankResetter31",
                        "ownOuts": Object {
                          "miniBank": false,
                        },
                        "state": Object {},
                      },
                      Object {
                        "_name": "DropBankResetter32",
                        "children": Array [],
                        "name": "DropBankResetter32",
                        "ownOuts": Object {
                          "leftBank": false,
                        },
                        "state": Object {},
                      },
                      Object {
                        "_name": "DropBankResetter33",
                        "children": Array [],
                        "name": "DropBankResetter33",
                        "ownOuts": Object {
                          "rightBank": false,
                        },
                        "state": Object {},
                      },
                    ],
                    "name": "ResetAnyDropOnComplete27",
                    "ownOuts": undefined,
                    "state": Object {},
                  },
                ],
                "name": "Ball26",
                "ownOuts": Object {},
                "state": Object {
                  "skillshot": undefined,
                  "tilted": false,
                },
              },
              Object {
                "_name": "Spinner23",
                "children": Array [],
                "name": "Spinner23",
                "ownOuts": Object {
                  "iSpinner": undefined,
                  "leftGate": false,
                },
                "state": Object {
                  "comboMult": 1,
                  "rounds": 0,
                  "score": 10,
                },
              },
              Object {
                "_name": "LeftOrbit24",
                "children": Array [],
                "name": "LeftOrbit24",
                "ownOuts": Object {
                  "rightGate": true,
                },
                "state": Object {
                  "comboMult": 1,
                  "rounds": 1,
                  "score": 20000,
                },
              },
              Object {
                "_name": "Poker34",
                "children": Array [],
                "name": "Poker34",
                "ownOuts": Object {
                  "getSkillshot": [Function],
                  "iCenter1": "AD",
                  "iCenter2": "KC",
                  "iCenter3": "KS",
                  "iLeft1": "8C",
                  "iLeft2": "10S",
                  "iLeft3": "JH",
                  "iLeft4": "8S",
                  "iMini1": "AH",
                  "iMini2": "9S",
                  "iMini3": "AC",
                  "iRight1": "9C",
                  "iRight2": "AS",
                  "iRight3": "KH",
                  "iRight4": "3D",
                  "iRight5": "KD",
                  "iUpper21": "10H",
                  "iUpper22": "QD",
                  "iUpper31": "8D",
                  "iUpper32": "10D",
                  "iUpper33": "QS",
                  "lEjectShowCards": Array [],
                  "lRampShowCards": Array [],
                  "lShooterShowCards": Array [],
                  "lockPost": undefined,
                  "rampUp": undefined,
                  "shooterDiverter": true,
                  "upperEject": undefined,
                },
                "state": Object {
                  "bet": 100,
                  "closeShooter": false,
                  "dealerCardsUsed": Array [],
                  "dealerHand": Array [
                    Object {
                      "flipped": true,
                      "num": 3,
                      "suit": "h",
                    },
                    Object {
                      "flipped": true,
                      "num": 4,
                      "suit": "c",
                    },
                    null,
                    null,
                    null,
                    null,
                    null,
                  ],
                  "dealerHandDesc": undefined,
                  "newMbs": Array [],
                  "newModes": Array [],
                  "playerCardsUsed": Array [],
                  "playerHand": Array [
                    Object {
                      "num": 7,
                      "suit": "s",
                    },
                    Object {
                      "num": 11,
                      "suit": "s",
                    },
                    null,
                    null,
                    null,
                    null,
                    null,
                  ],
                  "playerHandDesc": undefined,
                  "playerWins": undefined,
                  "pot": 400,
                  "slots": Array [
                    Object {
                      "num": 1,
                      "suit": "d",
                    },
                    Object {
                      "num": 13,
                      "suit": "c",
                    },
                    Object {
                      "num": 13,
                      "suit": "s",
                    },
                    Object {
                      "num": 9,
                      "suit": "c",
                    },
                    Object {
                      "num": 1,
                      "suit": "s",
                    },
                    Object {
                      "num": 13,
                      "suit": "h",
                    },
                    Object {
                      "num": 3,
                      "suit": "d",
                    },
                    Object {
                      "num": 13,
                      "suit": "d",
                    },
                    Object {
                      "num": 8,
                      "suit": "c",
                    },
                    Object {
                      "num": 10,
                      "suit": "s",
                    },
                    Object {
                      "num": 11,
                      "suit": "h",
                    },
                    Object {
                      "num": 8,
                      "suit": "s",
                    },
                    Object {
                      "num": 10,
                      "suit": "h",
                    },
                    Object {
                      "num": 12,
                      "suit": "d",
                    },
                    Object {
                      "num": 8,
                      "suit": "d",
                    },
                    Object {
                      "num": 10,
                      "suit": "d",
                    },
                    Object {
                      "num": 12,
                      "suit": "s",
                    },
                    Object {
                      "num": 1,
                      "suit": "h",
                    },
                    Object {
                      "num": 9,
                      "suit": "s",
                    },
                    Object {
                      "num": 1,
                      "suit": "c",
                    },
                  ],
                  "step": 2,
                },
              },
              Object {
                "_name": "PlayerOverrides25",
                "children": Array [],
                "name": "PlayerOverrides25",
                "ownOuts": Object {
                  "kickerEnable": undefined,
                  "leftGate": undefined,
                  "miniFlipperEnable": undefined,
                  "rampUp": undefined,
                  "rightGate": undefined,
                  "shooterDiverter": undefined,
                },
                "state": Object {},
              },
            ],
            "name": "Player21",
            "ownOuts": Object {
              "lEjectStartMode": Array [],
              "lLaneUpper1": Array [
                "Orange",
              ],
              "lLaneUpper2": Array [
                "Orange",
              ],
              "lLaneUpper3": Array [
                "Orange",
              ],
              "lLaneUpper4": Array [
                "Orange",
              ],
              "lMiniReady": Array [
                "Red",
              ],
              "lPopperStatus": Array [
                "Green",
              ],
              "lPower1": Array [
                "Orange",
              ],
              "lPower2": Array [
                "Orange",
              ],
              "lPower3": Array [],
              "lPower4": Array [],
              "lRampMini": Array [
                "Orange",
              ],
              "lRampStartMb": Array [],
              "lShooterStartHand": Array [],
              "leftMagnet": false,
              "rampUp": false,
              "shooterDiverter": undefined,
            },
            "state": Object {
              "_score": 12010,
              "ball": "Ball26",
              "chips": 2,
              "closeShooter": false,
              "focus": "Poker34",
              "laneChips": Array [
                true,
                true,
                true,
                true,
              ],
              "mbsQualified": Array [],
              "miniReady": false,
              "modesQualified": Array [],
              "rampUp": false,
            },
          },
        ],
        "name": "Game20",
        "ownOuts": Object {
          "kickerEnable": true,
        },
        "state": Object {
          "ballNum": 1,
          "playerUp": 0,
          "players": Array [
            "Player21",
          ],
        },
      },
      Object {
        "_name": "MachineOverrides17",
        "children": Array [
          Object {
            "_name": "EosPulse18",
            "children": Array [],
            "name": "EosPulse18",
            "ownOuts": undefined,
            "state": Object {},
          },
        ],
        "name": "MachineOverrides17",
        "ownOuts": Object {
          "rampUp": undefined,
          "realRightBank": false,
          "shooterDiverter": undefined,
        },
        "state": Object {},
      },
    ],
    "name": "Machine10",
    "ownOuts": Object {
      "centerBank": false,
      "getSkillshot": undefined,
      "iCenter1": "",
      "iCenter2": "",
      "iCenter3": "",
      "iLeft1": "",
      "iLeft2": "",
      "iLeft3": "",
      "iLeft4": "",
      "iMini1": "",
      "iMini2": "",
      "iMini3": "",
      "iRight1": "",
      "iRight2": "",
      "iRight3": "",
      "iRight4": "",
      "iRight5": "",
      "iSS1": "",
      "iSS2": "",
      "iSS3": "",
      "iSS4": "",
      "iSS5": "",
      "iSS6": "",
      "iSpinner": "",
      "iUpper21": "",
      "iUpper22": "",
      "iUpper31": "",
      "iUpper32": "",
      "iUpper33": "",
      "ignoreSkillsot": Set {},
      "kickerEnable": false,
      "lEjectArrow": Array [],
      "lEjectShowCards": Array [],
      "lEjectStartMode": Array [],
      "lLaneUpper1": Array [],
      "lLaneUpper2": Array [],
      "lLaneUpper3": Array [],
      "lLaneUpper4": Array [],
      "lLeftArrow": Array [],
      "lLowerRamp": Array [],
      "lMagnet1": Array [
        "Green",
      ],
      "lMagnet2": Array [
        "Green",
      ],
      "lMagnet3": Array [],
      "lMagnet4": Array [],
      "lMainTargetArrow": Array [],
      "lMiniReady": Array [
        "Red",
      ],
      "lPopperStatus": Array [],
      "lPower1": Array [],
      "lPower2": Array [],
      "lPower3": Array [],
      "lPower4": Array [],
      "lRampArrow": Array [],
      "lRampMini": Array [],
      "lRampShowCards": Array [],
      "lRampStartMb": Array [],
      "lShooterLaneArrow": Array [],
      "lShooterShowCards": Array [],
      "lShooterStartHand": Array [],
      "lSideShotArrow": Array [],
      "lSideTargetArrow": Array [],
      "lSpinnerArrow": Array [],
      "lUpperLaneArrow": Array [],
      "lUpperTargetArrow": Array [],
      "leftBank": false,
      "leftGate": false,
      "leftMagnet": false,
      "lockPost": false,
      "magnetPost": false,
      "miniBank": false,
      "miniDiverter": false,
      "miniEject": false,
      "miniFlipperEnable": false,
      "outhole": false,
      "popper": false,
      "rampUp": false,
      "realRightBank": false,
      "right1": false,
      "right2": false,
      "right3": false,
      "right4": false,
      "right5": false,
      "rightBank": false,
      "rightGate": false,
      "shooterDiverter": false,
      "spinnerValue": undefined,
      "troughRelease": false,
      "upper2": false,
      "upper3": false,
      "upperEject": false,
      "upperMagnet": false,
    },
    "state": Object {
      "ballsInTrough": 3,
      "ballsLocked": 0,
      "lastSwitchHit": Switch {
        "_state": false,
        "column": 5,
        "lastChange": 15763,
        "lastClosed": 15497,
        "lastOpened": 15763,
        "minOffTime": 10,
        "minOnTime": 1,
        "name": "right inlane",
        "row": 0,
      },
      "lockDown": false,
      "miniDown": false,
    },
  },
}
`;
