// Jest Snapshot v1, https://goo.gl/fbAQLP

exports[`recordings play test 1`] = `
Object {
  "outputs": Object {
    "centerBank": false,
    "getSkillshot": [Function],
    "iCenter1": "",
    "iCenter2": "",
    "iCenter3": "",
    "iLeft1": "",
    "iLeft2": "",
    "iLeft3": "",
    "iLeft4": "",
    "iMini1": "",
    "iMini2": "",
    "iMini3": "",
    "iRight1": "",
    "iRight2": "",
    "iRight3": "",
    "iRight4": "",
    "iRight5": "",
    "iSS1": "",
    "iSS2": "",
    "iSS3": "",
    "iSS4": "",
    "iSS5": "",
    "iSS6": "",
    "iSpinner": "",
    "iUpper21": "",
    "iUpper22": "",
    "iUpper31": "",
    "iUpper32": "",
    "iUpper33": "",
    "ignoreSkillsot": Set {},
    "kickerEnable": true,
    "lEjectArrow": Array [],
    "lEjectShowCards": Array [
      "White",
    ],
    "lEjectStartMode": Array [],
    "lLaneUpper1": Array [
      "Orange",
    ],
    "lLaneUpper2": Array [
      "Orange",
    ],
    "lLaneUpper3": Array [
      "Orange",
    ],
    "lLaneUpper4": Array [
      "Orange",
    ],
    "lLeftArrow": Array [],
    "lLowerRamp": Array [],
    "lMagnet1": Array [
      "Green",
    ],
    "lMagnet2": Array [
      "Green",
    ],
    "lMagnet3": Array [],
    "lMagnet4": Array [],
    "lMainTargetArrow": Array [],
    "lMiniReady": Array [
      "Red",
    ],
    "lPopperStatus": Array [
      "Green",
    ],
    "lPower1": Array [
      "Orange",
    ],
    "lPower2": Array [
      "Orange",
    ],
    "lPower3": Array [],
    "lPower4": Array [],
    "lRampArrow": Array [],
    "lRampMini": Array [
      "Orange",
    ],
    "lRampShowCards": Array [
      "White",
    ],
    "lRampStartMb": Array [
      Array [
        "Green",
        "fl",
      ],
    ],
    "lShooterLaneArrow": Array [],
    "lShooterShowCards": Array [
      "White",
    ],
    "lShooterStartHand": Array [
      Array [
        "Green",
        "fl",
      ],
    ],
    "lSideShotArrow": Array [],
    "lSideTargetArrow": Array [],
    "lSpinnerArrow": Array [],
    "lUpperLaneArrow": Array [],
    "lUpperTargetArrow": Array [],
    "leftBank": false,
    "leftGate": false,
    "leftMagnet": false,
    "lockPost": false,
    "magnetPost": false,
    "miniBank": false,
    "miniDiverter": false,
    "miniEject": false,
    "miniFlipperEnable": false,
    "outhole": false,
    "popper": false,
    "rampUp": false,
    "realRightBank": false,
    "right1": false,
    "right2": false,
    "right3": false,
    "right4": false,
    "right5": false,
    "rightBank": false,
    "rightGate": true,
    "shooterDiverter": true,
    "spinnerValue": undefined,
    "troughRelease": false,
    "upper2": false,
    "upper3": false,
    "upperEject": false,
    "upperMagnet": false,
  },
  "state": Object {
    "_name": "Machine19",
    "children": Array [
      Object {
        "_name": "DropBank20",
        "children": Array [],
        "name": "DropBank20",
        "ownOuts": undefined,
        "state": Object {},
      },
      Object {
        "_name": "DropBank21",
        "children": Array [],
        "name": "DropBank21",
        "ownOuts": undefined,
        "state": Object {},
      },
      Object {
        "_name": "DropBank22",
        "children": Array [],
        "name": "DropBank22",
        "ownOuts": undefined,
        "state": Object {},
      },
      Object {
        "_name": "DropBank23",
        "children": Array [],
        "name": "DropBank23",
        "ownOuts": undefined,
        "state": Object {},
      },
      Object {
        "_name": "DropBank24",
        "children": Array [],
        "name": "DropBank24",
        "ownOuts": undefined,
        "state": Object {},
      },
      Object {
        "_name": "DropBank25",
        "children": Array [],
        "name": "DropBank25",
        "ownOuts": undefined,
        "state": Object {},
      },
      Object {
        "_name": "Game29",
        "children": Array [
          Object {
            "_name": "Player30",
            "children": Array [
              Object {
                "_name": "ClearHoles31",
                "children": Array [],
                "name": "ClearHoles31",
                "ownOuts": Object {
                  "miniEject": false,
                  "outhole": false,
                  "upperEject": false,
                },
                "state": Object {},
              },
              Object {
                "_name": "Ball35",
                "children": Array [
                  Object {
                    "_name": "ResetAnyDropOnComplete36",
                    "children": Array [
                      Object {
                        "_name": "DropBankResetter37",
                        "children": Array [],
                        "name": "DropBankResetter37",
                        "ownOuts": Object {
                          "upper3": false,
                        },
                        "state": Object {},
                      },
                      Object {
                        "_name": "DropBankResetter38",
                        "children": Array [],
                        "name": "DropBankResetter38",
                        "ownOuts": Object {
                          "upper2": false,
                        },
                        "state": Object {},
                      },
                      Object {
                        "_name": "DropBankResetter39",
                        "children": Array [],
                        "name": "DropBankResetter39",
                        "ownOuts": Object {
                          "centerBank": false,
                        },
                        "state": Object {},
                      },
                      Object {
                        "_name": "DropBankResetter40",
                        "children": Array [],
                        "name": "DropBankResetter40",
                        "ownOuts": Object {
                          "miniBank": false,
                        },
                        "state": Object {},
                      },
                      Object {
                        "_name": "DropBankResetter41",
                        "children": Array [],
                        "name": "DropBankResetter41",
                        "ownOuts": Object {
                          "leftBank": false,
                        },
                        "state": Object {},
                      },
                      Object {
                        "_name": "DropBankResetter42",
                        "children": Array [],
                        "name": "DropBankResetter42",
                        "ownOuts": Object {
                          "rightBank": false,
                        },
                        "state": Object {},
                      },
                    ],
                    "name": "ResetAnyDropOnComplete36",
                    "ownOuts": undefined,
                    "state": Object {},
                  },
                ],
                "name": "Ball35",
                "ownOuts": Object {},
                "state": Object {
                  "skillshot": undefined,
                  "tilted": false,
                },
              },
              Object {
                "_name": "Spinner32",
                "children": Array [],
                "name": "Spinner32",
                "ownOuts": Object {
                  "iSpinner": undefined,
                  "leftGate": false,
                },
                "state": Object {
                  "comboMult": 1,
                  "rounds": 0,
                  "score": 800,
                },
              },
              Object {
                "_name": "LeftOrbit33",
                "children": Array [],
                "name": "LeftOrbit33",
                "ownOuts": Object {
                  "rightGate": true,
                },
                "state": Object {
                  "comboMult": 1,
                  "rounds": 1,
                  "score": 20000,
                },
              },
              Object {
                "_name": "Poker43",
                "children": Array [],
                "name": "Poker43",
                "ownOuts": Object {
                  "getSkillshot": [Function],
                  "iCenter1": undefined,
                  "iCenter2": undefined,
                  "iCenter3": undefined,
                  "iLeft1": undefined,
                  "iLeft2": undefined,
                  "iLeft3": undefined,
                  "iLeft4": undefined,
                  "iMini1": undefined,
                  "iMini2": undefined,
                  "iMini3": undefined,
                  "iRight1": undefined,
                  "iRight2": undefined,
                  "iRight3": undefined,
                  "iRight4": undefined,
                  "iRight5": undefined,
                  "iUpper21": undefined,
                  "iUpper22": undefined,
                  "iUpper31": undefined,
                  "iUpper32": undefined,
                  "iUpper33": undefined,
                  "lEjectShowCards": Array [
                    "White",
                  ],
                  "lRampShowCards": Array [
                    "White",
                  ],
                  "lShooterShowCards": Array [
                    "White",
                  ],
                  "lockPost": false,
                  "rampUp": false,
                  "shooterDiverter": true,
                  "upperEject": false,
                },
                "state": Object {
                  "closeShooter": false,
                  "dealerCardsUsed": Array [],
                  "dealerHand": Array [
                    Object {
                      "flipped": true,
                      "num": 3,
                      "suit": "h",
                    },
                    Object {
                      "flipped": true,
                      "num": 4,
                      "suit": "c",
                    },
                    Object {
                      "flipped": false,
                      "num": 9,
                      "suit": "h",
                    },
                    Object {
                      "flipped": false,
                      "num": 5,
                      "suit": "s",
                    },
                    Object {
                      "flipped": false,
                      "num": 9,
                      "suit": "d",
                    },
                    Object {
                      "flipped": false,
                      "num": 4,
                      "suit": "h",
                    },
                    Object {
                      "flipped": true,
                      "num": 2,
                      "suit": "c",
                    },
                  ],
                  "dealerHandDesc": "Pair",
                  "newMbs": Array [
                    Array [
                      "StraightMb",
                      Array [
                        Object {
                          "num": 7,
                          "suit": "s",
                        },
                        Object {
                          "num": 8,
                          "suit": "c",
                        },
                        Object {
                          "num": 9,
                          "suit": "c",
                        },
                        Object {
                          "num": 10,
                          "suit": "s",
                        },
                        Object {
                          "num": 11,
                          "suit": "s",
                        },
                      ],
                    ],
                  ],
                  "newModes": Array [],
                  "playerCardsUsed": Array [],
                  "playerHand": Array [
                    Object {
                      "num": 7,
                      "suit": "s",
                    },
                    Object {
                      "num": 11,
                      "suit": "s",
                    },
                    Object {
                      "num": 8,
                      "suit": "c",
                    },
                    Object {
                      "num": 9,
                      "suit": "c",
                    },
                    Object {
                      "num": 10,
                      "suit": "s",
                    },
                    Object {
                      "num": 13,
                      "suit": "s",
                    },
                    Object {
                      "num": 13,
                      "suit": "c",
                    },
                  ],
                  "playerHandDesc": "Straight",
                  "playerWins": undefined,
                  "pot": 1400,
                  "slots": Array [
                    Object {
                      "num": 1,
                      "suit": "d",
                    },
                    null,
                    null,
                    null,
                    Object {
                      "num": 1,
                      "suit": "s",
                    },
                    Object {
                      "num": 13,
                      "suit": "h",
                    },
                    Object {
                      "num": 3,
                      "suit": "d",
                    },
                    Object {
                      "num": 13,
                      "suit": "d",
                    },
                    null,
                    null,
                    Object {
                      "num": 11,
                      "suit": "h",
                    },
                    Object {
                      "num": 8,
                      "suit": "s",
                    },
                    Object {
                      "num": 10,
                      "suit": "h",
                    },
                    Object {
                      "num": 12,
                      "suit": "d",
                    },
                    Object {
                      "num": 8,
                      "suit": "d",
                    },
                    Object {
                      "num": 10,
                      "suit": "d",
                    },
                    Object {
                      "num": 12,
                      "suit": "s",
                    },
                    Object {
                      "num": 1,
                      "suit": "h",
                    },
                    Object {
                      "num": 9,
                      "suit": "s",
                    },
                    Object {
                      "num": 1,
                      "suit": "c",
                    },
                  ],
                  "step": 7,
                },
              },
              Object {
                "_name": "PlayerOverrides34",
                "children": Array [],
                "name": "PlayerOverrides34",
                "ownOuts": Object {
                  "kickerEnable": undefined,
                  "leftGate": undefined,
                  "miniFlipperEnable": undefined,
                  "rampUp": undefined,
                  "rightGate": undefined,
                  "shooterDiverter": undefined,
                },
                "state": Object {},
              },
            ],
            "name": "Player30",
            "ownOuts": Object {
              "lEjectStartMode": Array [],
              "lLaneUpper1": Array [
                "Orange",
              ],
              "lLaneUpper2": Array [
                "Orange",
              ],
              "lLaneUpper3": Array [
                "Orange",
              ],
              "lLaneUpper4": Array [
                "Orange",
              ],
              "lMiniReady": Array [
                "Red",
              ],
              "lPopperStatus": Array [
                "Green",
              ],
              "lPower1": Array [
                "Orange",
              ],
              "lPower2": Array [
                "Orange",
              ],
              "lPower3": Array [],
              "lPower4": Array [],
              "lRampMini": Array [
                "Orange",
              ],
              "lRampStartMb": Array [
                Array [
                  "Green",
                  "fl",
                ],
              ],
              "lShooterStartHand": Array [
                Array [
                  "Green",
                  "fl",
                ],
              ],
              "leftMagnet": false,
              "rampUp": false,
              "shooterDiverter": true,
            },
            "state": Object {
              "_score": 58000,
              "ball": "Ball35",
              "chips": 2,
              "closeShooter": false,
              "focus": "Poker43",
              "laneChips": Array [
                true,
                true,
                true,
                true,
              ],
              "mbsQualified": Array [],
              "miniReady": false,
              "modesQualified": Array [],
              "rampUp": true,
            },
          },
        ],
        "name": "Game29",
        "ownOuts": Object {
          "kickerEnable": true,
        },
        "state": Object {
          "ballNum": 1,
          "playerUp": 0,
          "players": Array [
            "Player30",
          ],
        },
      },
      Object {
        "_name": "MachineOverrides26",
        "children": Array [
          Object {
            "_name": "EosPulse27",
            "children": Array [],
            "name": "EosPulse27",
            "ownOuts": undefined,
            "state": Object {},
          },
        ],
        "name": "MachineOverrides26",
        "ownOuts": Object {
          "rampUp": undefined,
          "realRightBank": false,
          "shooterDiverter": undefined,
        },
        "state": Object {},
      },
    ],
    "name": "Machine19",
    "ownOuts": Object {
      "centerBank": false,
      "getSkillshot": undefined,
      "iCenter1": "",
      "iCenter2": "",
      "iCenter3": "",
      "iLeft1": "",
      "iLeft2": "",
      "iLeft3": "",
      "iLeft4": "",
      "iMini1": "",
      "iMini2": "",
      "iMini3": "",
      "iRight1": "",
      "iRight2": "",
      "iRight3": "",
      "iRight4": "",
      "iRight5": "",
      "iSS1": "",
      "iSS2": "",
      "iSS3": "",
      "iSS4": "",
      "iSS5": "",
      "iSS6": "",
      "iSpinner": "",
      "iUpper21": "",
      "iUpper22": "",
      "iUpper31": "",
      "iUpper32": "",
      "iUpper33": "",
      "ignoreSkillsot": Set {},
      "kickerEnable": false,
      "lEjectArrow": Array [],
      "lEjectShowCards": Array [],
      "lEjectStartMode": Array [],
      "lLaneUpper1": Array [],
      "lLaneUpper2": Array [],
      "lLaneUpper3": Array [],
      "lLaneUpper4": Array [],
      "lLeftArrow": Array [],
      "lLowerRamp": Array [],
      "lMagnet1": Array [
        "Green",
      ],
      "lMagnet2": Array [
        "Green",
      ],
      "lMagnet3": Array [],
      "lMagnet4": Array [],
      "lMainTargetArrow": Array [],
      "lMiniReady": Array [
        "Red",
      ],
      "lPopperStatus": Array [],
      "lPower1": Array [],
      "lPower2": Array [],
      "lPower3": Array [],
      "lPower4": Array [],
      "lRampArrow": Array [],
      "lRampMini": Array [],
      "lRampShowCards": Array [],
      "lRampStartMb": Array [],
      "lShooterLaneArrow": Array [],
      "lShooterShowCards": Array [],
      "lShooterStartHand": Array [],
      "lSideShotArrow": Array [],
      "lSideTargetArrow": Array [],
      "lSpinnerArrow": Array [],
      "lUpperLaneArrow": Array [],
      "lUpperTargetArrow": Array [],
      "leftBank": false,
      "leftGate": false,
      "leftMagnet": false,
      "lockPost": false,
      "magnetPost": false,
      "miniBank": false,
      "miniDiverter": false,
      "miniEject": false,
      "miniFlipperEnable": false,
      "outhole": false,
      "popper": false,
      "rampUp": false,
      "realRightBank": false,
      "right1": false,
      "right2": false,
      "right3": false,
      "right4": false,
      "right5": false,
      "rightBank": false,
      "rightGate": false,
      "shooterDiverter": false,
      "spinnerValue": undefined,
      "troughRelease": false,
      "upper2": false,
      "upper3": false,
      "upperEject": false,
      "upperMagnet": false,
    },
    "state": Object {
      "ballsInTrough": 3,
      "ballsLocked": 0,
      "lastSwitchHit": Switch {
        "_state": true,
        "column": 3,
        "lastChange": 30053,
        "lastClosed": 30053,
        "lastOpened": undefined,
        "minOffTime": 150,
        "minOnTime": 10,
        "name": "right 3",
        "row": 2,
      },
      "lockDown": false,
      "miniDown": false,
    },
  },
}
`;
